// Vitest Snapshot v1, https://vitest.dev/guide/snapshot.html

exports[`performance harness (integration, #200) > guards the set of measured hot paths via a structural baseline snapshot 1`] = `
[
  {
    "ceilingMs": 1500,
    "name": "dashboardLoad",
    "touched": 3,
  },
  {
    "ceilingMs": 250,
    "name": "fullHistoryRead",
    "touched": 1126,
  },
  {
    "ceilingMs": 500,
    "name": "windowedHistoryRead",
    "touched": 854,
  },
  {
    "ceilingMs": 250,
    "name": "positionProjection",
    "touched": 3,
  },
  {
    "ceilingMs": 4000,
    "name": "operationRipple",
    "touched": 83,
  },
  {
    "ceilingMs": 4000,
    "name": "valuationRipple",
    "touched": 83,
  },
  {
    "ceilingMs": 2500,
    "name": "debtRipple",
    "touched": 83,
  },
]
`;
